// Jest Snapshot v1, https://goo.gl/fbAQLP

exports[`Hello.svelte > mounts 1`] = `"<div><div>4 x 2 = 8</div> <button>x1</button></div>"`;
