// Jest Snapshot v1, https://goo.gl/fbAQLP

exports[`should fails > expect.test.ts 1`] = `"AssertionError: expected 2 to deeply equal 3"`;

exports[`should fails > nested-suite.test.ts 1`] = `"AssertionError: expected true to equal false"`;
