// Vitest Snapshot v1

exports[`a > b > c > d > e > very deep 1`] = `"hi"`;
