// Vitest Snapshot v1

exports[`error serialize > works 1`] = `
{
  "fn": "Function<fn>",
  "foo": "hi",
  "nested": {
    "class": "Function<class>",
    "false": false,
  },
  "null": null,
  "promise": "Promise",
}
`;
