// Jest Snapshot v1, https://goo.gl/fbAQLP

exports[`mount component 1`] = `"<div>4 x 2 = 8</div>"`;
